8182699;Folken97410
20779782;sousaAnderson
5787056;aeryen
18280522;faropoulos
2929503;MrRelodeable
