JavaScript
Java
None
HTML
Python
C#
PHP
C++
CSS
C
TypeScript
Shell
Jupyter Notebook
Ruby
Swift
Go
R
Matlab
TeX
Objective-C
Kotlin
Vue
Vim script
Lua
PowerShell
Scala
Arduino
Perl
Makefile
Rust
Assembly
Haskell
ASP
Emacs Lisp
Visual Basic
Processing
Elixir
Pascal
Fortran
Groovy
Batchfile
Clojure
Roff
CMake
PLpgSQL
Mathematica
SQF
Julia
Dart
VHDL
Cuda
F#
XSLT
AutoHotkey
Verilog
Game Maker Language
CoffeeScript
Eagle
HCL
PLSQL
ApacheConf
Elm
Prolog
Tcl
SourcePawn
Erlang
ShaderLab
Common Lisp
Apex
AutoIt
Yacc
QML
GDScript
ActionScript
SQLPL
Stata
NSIS
Smalltalk
Nginx
NetLogo
Logos
OpenSCAD
Lean
Scheme
Smarty
Lex
OCaml
Gherkin
Vala
Haxe
LabVIEW
D
Nim
GLSL
Ada
Crystal
Puppet
SaltStack
PostScript
Objective-C++
