16007361;fmi-retele;30
18010052;jasmartdev;30
16014244;Drakula13;30
30015225;funfunhan;30
8015547;karuman;30
18019843;theodoraratri;30
18022561;hecomzhanggaokai;30
18028518;wenyangbin;30
18028984;aaeberli;30
14031051;dmbell;30
22031438;tjdrms2023;30
8034977;ashomk;30
16037594;gilles293;30
20039479;ningfeijian;30
16040828;agungyunas;30
16043739;alex-rudyak-dls;30
22046004;goodmanseth;30
8049446;jwmi;30
6054747;hayekian;30
55055;deepb;30
20059150;sajithamarnath;30
10059187;ruggfrancesco;30
26060141;BrMrx;30
4065624;sakuraineed;30
18066050;uschoen;30
18069708;bailingwjw;30
2069921;igiel;30
8070973;LaXiS96;30
10071553;nicegal17;30
18079103;dafmontoyara;30
18087288;napalmtest;30
12100124;yhozumi;30
22104170;paulsontiti;30
16105877;chambear2809;30
6113094;mbos14;30
18116633;fduyyq;30
26119827;thepocagency;30
139596;heretique;30
16140704;DKILMU200;30
16141230;rpuertas82;30
8145742;cagyirey;30
18145965;tarikhulmahfudz;30
4146777;alpha-cygnus;30
28148592;DHjerpe;30
20152525;bazukaFix;30
16152545;nedeleavlad;30
18158946;aj-broadhurst;30
14165342;bradenfrazer;30
16177794;bplv112;30
6181455;jurizar-urbau;30
14185341;lelouchbrit;30
4186841;pirate7radio;30
189888;ejner;30
26190887;TotoInc;30
10193832;MaximkaHuman;30
18197032;milestorm;30
22199555;walres;30
12199642;JamieGreen;30
8199929;jishida;30
16200436;49038554;30
10206036;alexmassy;30
10214038;babrooks;30
24214854;KimH2;30
6216067;putrigaluh;30
20217073;heyyitslillian;30
22233561;rnugraha74;30
22233709;g-farrow;30
236357;gerekper;30
20238902;gezishan;30
14243329;jiayuanpulto;30
10245674;garkavenkov;30
4252255;chamks;30
26253488;pikuechan;30
26254595;DoHaiBinh;30
10257134;gemaizi;30
14258977;kuangxiao;30
30262420;Axiuf;30
265578;Frackher;30
18269495;alexbrodie;30
16275805;berton15;30
22281498;heberzelaya;30
2287942;Leandro-b-03;30
12289935;DrydenDev;30
20292887;hazarsnoussi;30
8297995;heyiamben;30
6298906;skarsaune;30
6307595;Ewanderer;30
2313586;lrebelo;30
6326961;linhntaim;30
14328826;cicciodevoto;30
14337024;amandajackson;30
16347421;amittyagi7;30
18349326;daureslaurent;30
30349650;aidymoose2;30
8350009;chforster;30
8350831;atynecki;30
8350874;MilosLukic;30
6351012;djr4;30
10351026;v5pingan;30
24357964;Nikkisenpai;30
