114582;edjames;255
24417;rafa2000;255
3173570;xusun-CMU;255
3597680;pierrechoffe;255
4812370;mthyden;255
14886110;dblixt;255
12942573;GreenMobius;255
22745563;hainabe;255
22745563;hainabe;255
19236122;andres8;255
976976;Aloz1;255
10694007;tobbun;255
15367899;rollershutter;255
4818507;leferreira;255
12000790;ggcrjdev;255
19228246;dvr0006;255
4332498;seriussoft;255
6840035;patkeav;255
2717890;kevinmata;255
5177690;varney981;255
7476742;k99-fire;255
3743067;LiamWA11;255
3743067;LiamWA11;255
10940111;Robert-Meeks;255
5390520;eezavz;255
26788109;Ronan-H;255
1389905;mariourquia23;255
5796381;xZero0;255
113540;cornuwel;255
5749070;blui;255
5749070;blui;255
3455374;thomasdunn;255
8494969;marcialhernandez;255
15611048;evening2005;254
800617;zocario;254
13252144;eysergrip;254
13252144;eysergrip;254
13252144;eysergrip;254
13252144;eysergrip;254
5780272;mauvilsa;254
1329769;hlhtddx;254
22002489;MathiasV-immalle;254
33297847;TomaszKumiega;254
10944917;rodrigosantiag;254
7054228;jejones3141;254
1333309;dbk78;254
20766500;guildarf;254
1678250;margnus1;254
8034977;ashomk;254
572338;cvigano;254
18163448;Reconbike;254
18163448;Reconbike;254
11298619;carolzhou;254
203433;gagneet;254
8508532;ArtyTheTorch;254
30907950;LeonnyLino;254
5122411;o0kot0o;254
4068475;f2d;254
747507;hklausing;254
22731447;Nimoab;254
12954702;jafeth;254
4166794;sebslakes;254
941204;JorenCombs;254
11442795;charlotteassemat;254
7472613;TwoNotTwo;254
7247989;Teumaat;254
7960413;mikey32230;254
7960413;mikey32230;254
475952;stompro;254
6349369;kevinchar93;254
2314783;jsheek;254
6434496;jdeglint;254
12771635;korhoj;254
863479;RubberCthulhu;254
19606533;Hannah-Irons;254
796297;OverQuantum;254
42975;nzroller;254
16279308;Eretic;254
14888881;boldorider4;254
703782;brianbourke75;254
