10011118;smoonsf;30
18022561;hecomzhanggaokai;30
2042826;MamiyaOtaru;30
10044183;mlanoe;30
58623;mdhorton;30
59124;alex14n;30
64693;argherna;30
32065327;cancri24;30
10075975;andreykrichun;30
14105727;Dmitrij-F;30
2106577;ucichuck;30
6137472;kaynrehc;30
16141230;rpuertas82;30
4166126;Astralry;30
14169769;andrew-noel;30
32179006;kasra-sh;30
6181455;jurizar-urbau;30
8199929;jishida;30
26216908;wzl9119;30
251487;rhritz;30
24254236;castasat;30
32263396;MartinLykke;30
2265845;james3burke;30
16275805;berton15;30
4299765;AhmadHamid;30
310713;caspergasper;30
320432;rasikabindoo;30
4337557;kevin6132919;30
16347421;amittyagi7;30
12369450;githubamal;30
4380161;onethathasnolife;30
6391055;acatias;30
6398417;tor86;30
6401919;hindus;30
8438529;xiaolongba0;30
32459889;gutsuv;30
2466465;jordigraffner;30
6471503;pmathema;30
510791;patchworker;30
4540660;Timothee-Lhuillier;30
563959;daparker;30
24582045;Achelous1;30
12589439;Netanel86;30
26614317;ZacConant;30
617027;nlcrafters;30
6622076;NoelLava;30
630443;mproctor;30
8651288;SwapnilChaudhari;30
4654567;keub;30
22656243;DimaRalcevich;30
16657548;ya2287c;30
10674736;netra-m;30
30682179;Ruksov-Andrey;30
4684129;pavelfusu;30
4686148;vikassimpragma;30
24696673;Homeye;30
6701287;dscmith15;30
12711452;samwootton;30
2734997;mrtamm;30
8740317;jsmcconkey;30
12748985;bbrumfield;30
34759582;jedwards404;30
24762338;Dipen56;30
20766500;guildarf;30
776640;Ginows;30
26777517;iMarioOfficial;30
2792236;ShinobiAoshi;30
12830243;PatchRhythm;30
845413;xmkhan;30
10854839;LeGrandManitou;30
12872273;kannannile;30
22873405;VaDikOo8;30
12885019;singhaakash89;30
8888511;Ellioteff;30
8891360;brnathanlima;30
14905675;Homerock;30
908847;tillnagel;30
10910431;Chmiel123;30
14912154;AHTOH108;30
14932355;oKin3;30
12934397;sanjaycaphub;30
6953006;rvalla;30
8989144;AlexCress;30
4992927;kylepiefer;30
1006936;markuskoller;30
15015420;pablorico;30
23018401;jekafortuna;30
7025643;cluo29;30
9047008;leurer;30
15072178;StJohnMmc;30
15091284;rinbeo;30
5115307;sebastianwalla;30
7128842;nelboudjay;30
13138620;rorschachholmes;30
19146816;fsabatini80;30
13164999;jamestweeddale;30
13165780;andre-dd;30
15172998;miikh;30
1188424;SainDev;30
7246571;Preston159;30
